---
source: crates/mun_hir/src/ty/tests.rs
expression: "struct Foo {\n    a: f64,\n    b: i32,\n}\nstruct Bar(f64, i32)\nstruct Baz;\n\nfn main() {\n    let foo = Foo { a: 1.23, b: 4 };\n    foo.a\n    foo.b\n    foo.c // error: attempted to access a non-existent field in a struct.\n    let bar = Bar(1.23, 4);\n    bar.0\n    bar.1\n    bar.2 // error: attempted to access a non-existent field in a struct.\n    let baz = Baz;\n    baz.a // error: attempted to access a non-existent field in a struct.\n    let f = 1.0\n    f.0; // error: attempted to access a field on a primitive type.\n}"
---
146..151: attempted to access a non-existent field in a struct.
268..273: attempted to access a non-existent field in a struct.
361..366: attempted to access a non-existent field in a struct.
451..452: attempted to access a field on a primitive type.
83..516 '{     ...ype. }': nothing
93..96 'foo': Foo
99..120 'Foo { ...b: 4 }': Foo
108..112 '1.23': f64
117..118 '4': i32
126..129 'foo': Foo
126..131 'foo.a': f64
136..139 'foo': Foo
136..141 'foo.b': i32
146..149 'foo': Foo
146..151 'foo.c': {unknown}
224..227 'bar': Bar
230..233 'Bar': ctor Bar(f64, i32) -> Bar
230..242 'Bar(1.23, 4)': Bar
234..238 '1.23': f64
240..241 '4': i32
248..251 'bar': Bar
248..253 'bar.0': f64
258..261 'bar': Bar
258..263 'bar.1': i32
268..271 'bar': Bar
268..273 'bar.2': {unknown}
346..349 'baz': Baz
352..355 'Baz': Baz
361..364 'baz': Baz
361..366 'baz.a': {unknown}
439..440 'f': f64
443..446 '1.0': f64
451..452 'f': f64
451..454 'f.0': {unknown}
