---
source: crates/mun_hir/src/ty/tests.rs
expression: "fn bar(a: f64, b: bool) {\n    a = !a; // mismatched type\n    b = -b; // mismatched type\n}"
---
35..36: cannot apply unary operator
66..67: cannot apply unary operator
7..8 'a': f64
15..16 'b': bool
24..89 '{     ...type }': nothing
30..31 'a': f64
30..36 'a = !a': nothing
34..36 '!a': {unknown}
35..36 'a': f64
61..62 'b': bool
61..67 'b = -b': nothing
65..67 '-b': {unknown}
66..67 'b': bool
