---
source: crates/mun_syntax/src/tests/parser.rs
expression: ""
---
SOURCE_FILE@0..0

