---
source: crates/mun_syntax/src/tests/parser.rs
expression: "fn main() {\n    let _ = a || b;\n    let _ = a && b;\n}"
---
SOURCE_FILE@0..53
  FUNCTION_DEF@0..53
    FN_KW@0..2 "fn"
    WHITESPACE@2..3 " "
    NAME@3..7
      IDENT@3..7 "main"
    PARAM_LIST@7..9
      L_PAREN@7..8 "("
      R_PAREN@8..9 ")"
    WHITESPACE@9..10 " "
    BLOCK_EXPR@10..53
      L_CURLY@10..11 "{"
      WHITESPACE@11..16 "\n    "
      LET_STMT@16..31
        LET_KW@16..19 "let"
        WHITESPACE@19..20 " "
        PLACEHOLDER_PAT@20..21
          UNDERSCORE@20..21 "_"
        WHITESPACE@21..22 " "
        EQ@22..23 "="
        WHITESPACE@23..24 " "
        BIN_EXPR@24..30
          PATH_EXPR@24..25
            PATH@24..25
              PATH_SEGMENT@24..25
                NAME_REF@24..25
                  IDENT@24..25 "a"
          WHITESPACE@25..26 " "
          PIPEPIPE@26..28 "||"
          WHITESPACE@28..29 " "
          PATH_EXPR@29..30
            PATH@29..30
              PATH_SEGMENT@29..30
                NAME_REF@29..30
                  IDENT@29..30 "b"
        SEMI@30..31 ";"
      WHITESPACE@31..36 "\n    "
      LET_STMT@36..51
        LET_KW@36..39 "let"
        WHITESPACE@39..40 " "
        PLACEHOLDER_PAT@40..41
          UNDERSCORE@40..41 "_"
        WHITESPACE@41..42 " "
        EQ@42..43 "="
        WHITESPACE@43..44 " "
        BIN_EXPR@44..50
          PATH_EXPR@44..45
            PATH@44..45
              PATH_SEGMENT@44..45
                NAME_REF@44..45
                  IDENT@44..45 "a"
          WHITESPACE@45..46 " "
          AMPAMP@46..48 "&&"
          WHITESPACE@48..49 " "
          PATH_EXPR@49..50
            PATH@49..50
              PATH_SEGMENT@49..50
                NAME_REF@49..50
                  IDENT@49..50 "b"
        SEMI@50..51 ";"
      WHITESPACE@51..52 "\n"
      R_CURLY@52..53 "}"

