---
source: crates/mun_syntax/src/tests/parser.rs
expression: "fn main() {\n    foo.a\n    foo.a.b\n    foo.0\n    foo.0.1\n    foo.10\n    foo.01  // index: .0\n    foo.0 1 // index: .0 \n    foo.a.0\n}"
---
SOURCE_FILE@0..131
  FUNCTION_DEF@0..131
    FN_KW@0..2 "fn"
    WHITESPACE@2..3 " "
    NAME@3..7
      IDENT@3..7 "main"
    PARAM_LIST@7..9
      L_PAREN@7..8 "("
      R_PAREN@8..9 ")"
    WHITESPACE@9..10 " "
    BLOCK_EXPR@10..131
      L_CURLY@10..11 "{"
      WHITESPACE@11..16 "\n    "
      EXPR_STMT@16..21
        FIELD_EXPR@16..21
          PATH_EXPR@16..19
            PATH@16..19
              PATH_SEGMENT@16..19
                NAME_REF@16..19
                  IDENT@16..19 "foo"
          DOT@19..20 "."
          NAME_REF@20..21
            IDENT@20..21 "a"
      WHITESPACE@21..26 "\n    "
      EXPR_STMT@26..33
        FIELD_EXPR@26..33
          FIELD_EXPR@26..31
            PATH_EXPR@26..29
              PATH@26..29
                PATH_SEGMENT@26..29
                  NAME_REF@26..29
                    IDENT@26..29 "foo"
            DOT@29..30 "."
            NAME_REF@30..31
              IDENT@30..31 "a"
          DOT@31..32 "."
          NAME_REF@32..33
            IDENT@32..33 "b"
      WHITESPACE@33..38 "\n    "
      EXPR_STMT@38..43
        FIELD_EXPR@38..43
          PATH_EXPR@38..41
            PATH@38..41
              PATH_SEGMENT@38..41
                NAME_REF@38..41
                  IDENT@38..41 "foo"
          INDEX@41..43 ".0"
      WHITESPACE@43..48 "\n    "
      EXPR_STMT@48..55
        FIELD_EXPR@48..55
          FIELD_EXPR@48..53
            PATH_EXPR@48..51
              PATH@48..51
                PATH_SEGMENT@48..51
                  NAME_REF@48..51
                    IDENT@48..51 "foo"
            INDEX@51..53 ".0"
          INDEX@53..55 ".1"
      WHITESPACE@55..60 "\n    "
      EXPR_STMT@60..66
        FIELD_EXPR@60..66
          PATH_EXPR@60..63
            PATH@60..63
              PATH_SEGMENT@60..63
                NAME_REF@60..63
                  IDENT@60..63 "foo"
          INDEX@63..66 ".10"
      WHITESPACE@66..71 "\n    "
      EXPR_STMT@71..76
        FIELD_EXPR@71..76
          PATH_EXPR@71..74
            PATH@71..74
              PATH_SEGMENT@71..74
                NAME_REF@71..74
                  IDENT@71..74 "foo"
          INDEX@74..76 ".0"
      EXPR_STMT@76..77
        LITERAL@76..77
          INT_NUMBER@76..77 "1"
      WHITESPACE@77..79 "  "
      COMMENT@79..91 "// index: .0"
      WHITESPACE@91..96 "\n    "
      EXPR_STMT@96..101
        FIELD_EXPR@96..101
          PATH_EXPR@96..99
            PATH@96..99
              PATH_SEGMENT@96..99
                NAME_REF@96..99
                  IDENT@96..99 "foo"
          INDEX@99..101 ".0"
      WHITESPACE@101..102 " "
      EXPR_STMT@102..103
        LITERAL@102..103
          INT_NUMBER@102..103 "1"
      WHITESPACE@103..104 " "
      COMMENT@104..117 "// index: .0 "
      WHITESPACE@117..122 "\n    "
      FIELD_EXPR@122..129
        FIELD_EXPR@122..127
          PATH_EXPR@122..125
            PATH@122..125
              PATH_SEGMENT@122..125
                NAME_REF@122..125
                  IDENT@122..125 "foo"
          DOT@125..126 "."
          NAME_REF@126..127
            IDENT@126..127 "a"
        INDEX@127..129 ".0"
      WHITESPACE@129..130 "\n"
      R_CURLY@130..131 "}"

